// Jest Snapshot v1, https://goo.gl/fbAQLP

exports[`<Spacer /> Renders with children 1`] = `
<Styled(div)>
  child
</Styled(div)>
`;
